data/breakfast-at-the-frat/subsets/complete/7192100337-15765-complete.csv
"WEEK_END_DATE","STORE_NUM","UPC","UNITS","VISITS","HHS","SPEND","PRICE","BASE_PRICE","FEATURE","DISPLAY","TPR_ONLY","WEEK_END_DATE_2","YEAR","MONTH","DAY_OF_MONTH","ABS_DISCOUNT","REL_DISCOUNT"
"14-01-2009",15765,7192100337,21,21,20,125.79,5.99,6.29,1,0,0,2009-01-14,2009,1,14,-0.3,-0.0476947535771065
"21-01-2009",15765,7192100337,16,16,16,95.84,5.99,6.29,1,0,0,2009-01-21,2009,1,21,-0.3,-0.0476947535771065
"28-01-2009",15765,7192100337,10,10,10,63,6.3,6.3,0,0,0,2009-01-28,2009,1,28,0,0
"04-02-2009",15765,7192100337,17,17,17,100.81,5.93,5.93,0,0,0,2009-02-04,2009,2,4,0,0
"11-02-2009",15765,7192100337,9,7,7,57.51,6.39,6.39,0,0,0,2009-02-11,2009,2,11,0,0
"18-02-2009",15765,7192100337,7,9,9,44.73,6.39,6.39,0,0,0,2009-02-18,2009,2,18,0,0
"25-02-2009",15765,7192100337,7,7,7,44.73,6.39,6.39,0,0,0,2009-02-25,2009,2,25,0,0
"04-03-2009",15765,7192100337,14,13,13,87.92,6.28,6.28,0,0,0,2009-03-04,2009,3,4,0,0
"11-03-2009",15765,7192100337,11,9,9,65.89,5.99,5.99,0,0,0,2009-03-11,2009,3,11,0,0
"18-03-2009",15765,7192100337,20,20,20,119.8,5.99,5.99,0,0,0,2009-03-18,2009,3,18,0,0
"25-03-2009",15765,7192100337,13,11,11,77.87,5.99,5.99,0,0,0,2009-03-25,2009,3,25,0,0
"01-04-2009",15765,7192100337,15,15,15,83.4,5.56,5.99,1,0,0,2009-04-01,2009,4,1,-0.430000000000001,-0.0717863105175293
"08-04-2009",15765,7192100337,17,16,16,93.33,5.49,5.99,1,1,0,2009-04-08,2009,4,8,-0.5,-0.0834724540901502
"15-04-2009",15765,7192100337,11,10,10,72.49,6.59,6.59,0,0,0,2009-04-15,2009,4,15,0,0
"22-04-2009",15765,7192100337,12,12,11,79.08,6.59,6.59,0,0,0,2009-04-22,2009,4,22,0,0
"29-04-2009",15765,7192100337,6,6,6,39.54,6.59,6.59,0,0,0,2009-04-29,2009,4,29,0,0
"06-05-2009",15765,7192100337,8,7,7,52.72,6.59,6.59,0,0,0,2009-05-06,2009,5,6,0,0
"13-05-2009",15765,7192100337,4,4,4,26.36,6.59,6.59,0,0,0,2009-05-13,2009,5,13,0,0
"20-05-2009",15765,7192100337,15,14,13,98.85,6.59,6.59,0,0,0,2009-05-20,2009,5,20,0,0
"27-05-2009",15765,7192100337,11,11,11,54.89,4.99,6.59,1,1,0,2009-05-27,2009,5,27,-1.6,-0.242792109256449
"03-06-2009",15765,7192100337,14,13,13,69.86,4.99,6.59,1,1,0,2009-06-03,2009,6,3,-1.6,-0.242792109256449
"10-06-2009",15765,7192100337,7,6,6,46.13,6.59,6.59,0,0,0,2009-06-10,2009,6,10,0,0
"17-06-2009",15765,7192100337,9,8,8,59.31,6.59,6.59,0,0,0,2009-06-17,2009,6,17,0,0
"24-06-2009",15765,7192100337,10,10,9,65.9,6.59,6.59,0,0,0,2009-06-24,2009,6,24,0,0
"01-07-2009",15765,7192100337,9,8,8,59.31,6.59,6.59,0,0,0,2009-07-01,2009,7,1,0,0
"08-07-2009",15765,7192100337,22,21,21,109.78,4.99,6.59,1,1,0,2009-07-08,2009,7,8,-1.6,-0.242792109256449
"15-07-2009",15765,7192100337,14,14,14,69.86,4.99,6.59,1,1,0,2009-07-15,2009,7,15,-1.6,-0.242792109256449
"22-07-2009",15765,7192100337,11,10,10,72.49,6.59,6.59,0,0,0,2009-07-22,2009,7,22,0,0
"29-07-2009",15765,7192100337,7,6,6,46.13,6.59,6.59,0,0,0,2009-07-29,2009,7,29,0,0
"05-08-2009",15765,7192100337,8,7,7,52.72,6.59,6.59,0,0,0,2009-08-05,2009,8,5,0,0
"12-08-2009",15765,7192100337,10,9,9,65.9,6.59,6.59,0,0,0,2009-08-12,2009,8,12,0,0
"19-08-2009",15765,7192100337,4,4,4,26.36,6.59,6.59,0,0,0,2009-08-19,2009,8,19,0,0
"26-08-2009",15765,7192100337,7,7,7,46.13,6.59,6.59,0,0,0,2009-08-26,2009,8,26,0,0
"02-09-2009",15765,7192100337,4,3,3,26.36,6.59,6.59,0,0,0,2009-09-02,2009,9,2,0,0
"09-09-2009",15765,7192100337,7,7,7,46.13,6.59,6.59,0,0,0,2009-09-09,2009,9,9,0,0
"16-09-2009",15765,7192100337,11,11,10,72.49,6.59,6.59,0,0,0,2009-09-16,2009,9,16,0,0
"23-09-2009",15765,7192100337,60,52,51,268.2,4.47,6.59,1,1,0,2009-09-23,2009,9,23,-2.12,-0.321699544764795
"30-09-2009",15765,7192100337,42,41,40,187.74,4.47,6.59,1,1,0,2009-09-30,2009,9,30,-2.12,-0.321699544764795
"07-10-2009",15765,7192100337,24,21,21,109.44,4.56,6.59,0,1,0,2009-10-07,2009,10,7,-2.03,-0.30804248861912
"14-10-2009",15765,7192100337,33,31,30,149.49,4.53,6.59,0,1,0,2009-10-14,2009,10,14,-2.06,-0.312594840667678
"21-10-2009",15765,7192100337,8,8,8,52.72,6.59,6.59,0,1,0,2009-10-21,2009,10,21,0,0
"28-10-2009",15765,7192100337,9,9,9,59.31,6.59,6.59,0,1,0,2009-10-28,2009,10,28,0,0
"04-11-2009",15765,7192100337,8,8,8,52.72,6.59,6.59,0,0,0,2009-11-04,2009,11,4,0,0
"11-11-2009",15765,7192100337,10,10,10,65.9,6.59,6.59,0,0,0,2009-11-11,2009,11,11,0,0
"18-11-2009",15765,7192100337,16,15,15,88.96,5.56,6.59,1,1,0,2009-11-18,2009,11,18,-1.03,-0.156297420333839
"25-11-2009",15765,7192100337,15,15,15,82.35,5.49,6.59,1,0,0,2009-11-25,2009,11,25,-1.1,-0.166919575113809
"02-12-2009",15765,7192100337,14,13,13,76.86,5.49,6.59,1,0,0,2009-12-02,2009,12,2,-1.1,-0.166919575113809
"09-12-2009",15765,7192100337,8,8,8,52.72,6.59,6.59,0,0,0,2009-12-09,2009,12,9,0,0
"16-12-2009",15765,7192100337,9,9,8,59.31,6.59,6.59,0,0,0,2009-12-16,2009,12,16,0,0
"23-12-2009",15765,7192100337,9,9,9,59.31,6.59,6.59,0,0,0,2009-12-23,2009,12,23,0,0
"30-12-2009",15765,7192100337,8,7,7,52.72,6.59,6.59,0,0,0,2009-12-30,2009,12,30,0,0
"06-01-2010",15765,7192100337,6,6,6,39.54,6.59,6.59,0,0,0,2010-01-06,2010,1,6,0,0
"13-01-2010",15765,7192100337,8,7,7,52.72,6.59,6.59,0,0,0,2010-01-13,2010,1,13,0,0
"20-01-2010",15765,7192100337,8,8,7,52.72,6.59,6.59,0,0,0,2010-01-20,2010,1,20,0,0
"27-01-2010",15765,7192100337,24,22,21,119.76,4.99,6.59,1,1,0,2010-01-27,2010,1,27,-1.6,-0.242792109256449
"03-02-2010",15765,7192100337,9,7,7,59.31,6.59,6.59,0,0,0,2010-02-03,2010,2,3,0,0
"10-02-2010",15765,7192100337,6,6,6,39.54,6.59,6.59,0,0,0,2010-02-10,2010,2,10,0,0
"17-02-2010",15765,7192100337,7,7,7,46.13,6.59,6.59,0,0,0,2010-02-17,2010,2,17,0,0
"24-02-2010",15765,7192100337,4,4,4,26.36,6.59,6.59,0,0,0,2010-02-24,2010,2,24,0,0
"03-03-2010",15765,7192100337,11,11,11,72.49,6.59,6.59,0,0,0,2010-03-03,2010,3,3,0,0
"10-03-2010",15765,7192100337,39,33,30,174.33,4.47,6.59,1,1,0,2010-03-10,2010,3,10,-2.12,-0.321699544764795
"17-03-2010",15765,7192100337,20,17,17,92.6,4.63,6.59,0,1,0,2010-03-17,2010,3,17,-1.96,-0.29742033383915
"24-03-2010",15765,7192100337,36,29,29,160.92,4.47,6.59,1,0,0,2010-03-24,2010,3,24,-2.12,-0.321699544764795
"31-03-2010",15765,7192100337,32,24,23,143.04,4.47,6.59,1,0,0,2010-03-31,2010,3,31,-2.12,-0.321699544764795
"07-04-2010",15765,7192100337,7,7,7,46.13,6.59,6.59,0,0,0,2010-04-07,2010,4,7,0,0
"14-04-2010",15765,7192100337,9,9,9,59.31,6.59,6.59,0,0,0,2010-04-14,2010,4,14,0,0
"21-04-2010",15765,7192100337,8,8,8,52.72,6.59,6.59,0,0,0,2010-04-21,2010,4,21,0,0
"28-04-2010",15765,7192100337,10,10,10,65.9,6.59,6.59,0,1,0,2010-04-28,2010,4,28,0,0
"05-05-2010",15765,7192100337,22,22,22,144.98,6.59,6.59,0,1,0,2010-05-05,2010,5,5,0,0
"12-05-2010",15765,7192100337,20,18,18,131.8,6.59,6.59,0,1,0,2010-05-12,2010,5,12,0,0
"19-05-2010",15765,7192100337,5,4,4,32.95,6.59,6.59,0,0,0,2010-05-19,2010,5,19,0,0
"26-05-2010",15765,7192100337,7,5,5,46.13,6.59,6.59,0,0,0,2010-05-26,2010,5,26,0,0
"02-06-2010",15765,7192100337,5,5,5,32.95,6.59,6.59,0,0,0,2010-06-02,2010,6,2,0,0
"09-06-2010",15765,7192100337,12,12,12,79.08,6.59,6.59,0,0,0,2010-06-09,2010,6,9,0,0
"16-06-2010",15765,7192100337,16,16,16,79.84,4.99,6.59,1,1,0,2010-06-16,2010,6,16,-1.6,-0.242792109256449
"23-06-2010",15765,7192100337,14,12,12,69.86,4.99,6.59,1,1,0,2010-06-23,2010,6,23,-1.6,-0.242792109256449
"30-06-2010",15765,7192100337,3,3,3,19.77,6.59,6.59,0,0,0,2010-06-30,2010,6,30,0,0
"07-07-2010",15765,7192100337,4,4,4,26.36,6.59,6.59,0,0,0,2010-07-07,2010,7,7,0,0
"14-07-2010",15765,7192100337,30,23,22,143.1,4.77,6.59,1,1,0,2010-07-14,2010,7,14,-1.82,-0.276176024279211
"21-07-2010",15765,7192100337,8,7,7,52.72,6.59,6.59,0,0,0,2010-07-21,2010,7,21,0,0
"28-07-2010",15765,7192100337,7,7,7,46.13,6.59,6.59,0,0,0,2010-07-28,2010,7,28,0,0
"04-08-2010",15765,7192100337,11,8,8,72.49,6.59,6.59,0,0,0,2010-08-04,2010,8,4,0,0
"11-08-2010",15765,7192100337,16,15,15,104,6.5,6.5,0,0,0,2010-08-11,2010,8,11,0,0
"18-08-2010",15765,7192100337,27,27,26,134.73,4.99,6.5,1,1,0,2010-08-18,2010,8,18,-1.51,-0.232307692307692
"25-08-2010",15765,7192100337,17,17,17,84.83,4.99,6.5,1,0,0,2010-08-25,2010,8,25,-1.51,-0.232307692307692
"01-09-2010",15765,7192100337,19,17,17,94.81,4.99,6.5,0,1,0,2010-09-01,2010,9,1,-1.51,-0.232307692307692
"08-09-2010",15765,7192100337,15,15,15,74.85,4.99,6.5,0,1,0,2010-09-08,2010,9,8,-1.51,-0.232307692307692
"15-09-2010",15765,7192100337,15,15,15,76.5,5.1,6.5,0,1,0,2010-09-15,2010,9,15,-1.4,-0.215384615384615
"22-09-2010",15765,7192100337,27,26,26,130.68,4.84,6.5,1,1,0,2010-09-22,2010,9,22,-1.66,-0.255384615384615
"29-09-2010",15765,7192100337,15,14,14,74.85,4.99,6.5,0,0,1,2010-09-29,2010,9,29,-1.51,-0.232307692307692
"06-10-2010",15765,7192100337,13,10,10,64.87,4.99,6.5,0,0,1,2010-10-06,2010,10,6,-1.51,-0.232307692307692
"13-10-2010",15765,7192100337,34,30,30,152.66,4.49,6.5,1,1,0,2010-10-13,2010,10,13,-2.01,-0.309230769230769
"20-10-2010",15765,7192100337,37,33,33,166.13,4.49,6.5,1,0,0,2010-10-20,2010,10,20,-2.01,-0.309230769230769
"27-10-2010",15765,7192100337,8,8,8,52.72,6.59,6.59,0,0,0,2010-10-27,2010,10,27,0,0
"03-11-2010",15765,7192100337,6,5,5,39.54,6.59,6.59,0,0,0,2010-11-03,2010,11,3,0,0
"10-11-2010",15765,7192100337,8,8,8,52.72,6.59,6.59,0,0,0,2010-11-10,2010,11,10,0,0
"17-11-2010",15765,7192100337,6,6,6,39.54,6.59,6.59,0,0,0,2010-11-17,2010,11,17,0,0
"24-11-2010",15765,7192100337,12,10,10,66,5.5,6.59,1,0,0,2010-11-24,2010,11,24,-1.09,-0.165402124430956
"01-12-2010",15765,7192100337,13,12,12,71.5,5.5,6.59,1,0,0,2010-12-01,2010,12,1,-1.09,-0.165402124430956
"08-12-2010",15765,7192100337,7,7,7,46.13,6.59,6.59,0,0,0,2010-12-08,2010,12,8,0,0
"15-12-2010",15765,7192100337,13,12,12,85.67,6.59,6.59,0,0,0,2010-12-15,2010,12,15,0,0
"22-12-2010",15765,7192100337,6,6,6,39.54,6.59,6.59,0,0,0,2010-12-22,2010,12,22,0,0
"29-12-2010",15765,7192100337,9,9,9,59.31,6.59,6.59,0,0,0,2010-12-29,2010,12,29,0,0
"05-01-2011",15765,7192100337,17,17,17,112.03,6.59,6.59,0,0,0,2011-01-05,2011,1,5,0,0
"12-01-2011",15765,7192100337,15,13,12,98.85,6.59,6.59,0,0,0,2011-01-12,2011,1,12,0,0
"19-01-2011",15765,7192100337,14,14,13,92.26,6.59,6.59,0,0,0,2011-01-19,2011,1,19,0,0
"26-01-2011",15765,7192100337,4,4,4,26.36,6.59,6.59,0,0,0,2011-01-26,2011,1,26,0,0
"02-02-2011",15765,7192100337,22,22,21,113.08,5.14,6.59,0,1,0,2011-02-02,2011,2,2,-1.45,-0.220030349013657
"09-02-2011",15765,7192100337,39,31,31,196.17,5.03,6.59,1,0,0,2011-02-09,2011,2,9,-1.56,-0.236722306525038
"16-02-2011",15765,7192100337,15,14,14,98.85,6.59,6.59,0,0,0,2011-02-16,2011,2,16,0,0
"23-02-2011",15765,7192100337,12,11,10,79.08,6.59,6.59,0,0,0,2011-02-23,2011,2,23,0,0
"02-03-2011",15765,7192100337,13,13,13,85.67,6.59,6.59,0,0,0,2011-03-02,2011,3,2,0,0
"09-03-2011",15765,7192100337,38,35,33,181.26,4.77,6.59,1,1,0,2011-03-09,2011,3,9,-1.82,-0.276176024279211
"16-03-2011",15765,7192100337,10,8,8,47.7,4.77,6.59,1,0,0,2011-03-16,2011,3,16,-1.82,-0.276176024279211
"23-03-2011",15765,7192100337,19,19,19,92.53,4.87,6.59,1,1,0,2011-03-23,2011,3,23,-1.72,-0.261001517450683
"30-03-2011",15765,7192100337,19,18,17,90.63,4.77,6.59,1,1,0,2011-03-30,2011,3,30,-1.82,-0.276176024279211
"06-04-2011",15765,7192100337,6,6,6,28.8,4.8,6.59,1,0,0,2011-04-06,2011,4,6,-1.79,-0.271623672230653
"13-04-2011",15765,7192100337,3,3,3,19.77,6.59,6.59,0,1,0,2011-04-13,2011,4,13,0,0
"20-04-2011",15765,7192100337,5,5,5,32.95,6.59,6.59,0,0,0,2011-04-20,2011,4,20,0,0
"27-04-2011",15765,7192100337,5,4,4,33.55,6.71,6.71,0,0,0,2011-04-27,2011,4,27,0,0
"04-05-2011",15765,7192100337,27,24,22,138.51,5.13,6.71,1,1,0,2011-05-04,2011,5,4,-1.58,-0.235469448584203
"11-05-2011",15765,7192100337,9,8,8,61.11,6.79,6.79,0,0,0,2011-05-11,2011,5,11,0,0
"18-05-2011",15765,7192100337,8,7,7,45.2,5.65,6.79,0,0,1,2011-05-18,2011,5,18,-1.14,-0.167893961708395
"25-05-2011",15765,7192100337,7,6,6,36.89,5.27,6.79,0,0,1,2011-05-25,2011,5,25,-1.52,-0.223858615611193
"01-06-2011",15765,7192100337,3,3,3,15.81,5.27,6.79,0,0,1,2011-06-01,2011,6,1,-1.52,-0.223858615611193
"08-06-2011",15765,7192100337,19,17,17,100.13,5.27,6.79,1,1,0,2011-06-08,2011,6,8,-1.52,-0.223858615611193
"15-06-2011",15765,7192100337,23,21,20,121.21,5.27,6.79,1,1,0,2011-06-15,2011,6,15,-1.52,-0.223858615611193
"22-06-2011",15765,7192100337,14,13,13,73.78,5.27,6.79,0,0,1,2011-06-22,2011,6,22,-1.52,-0.223858615611193
"29-06-2011",15765,7192100337,9,8,8,47.43,5.27,6.79,0,0,1,2011-06-29,2011,6,29,-1.52,-0.223858615611193
"06-07-2011",15765,7192100337,22,20,20,109.78,4.99,6.79,1,1,0,2011-07-06,2011,7,6,-1.8,-0.265095729013255
"13-07-2011",15765,7192100337,17,14,14,84.83,4.99,6.79,1,1,0,2011-07-13,2011,7,13,-1.8,-0.265095729013255
"20-07-2011",15765,7192100337,14,14,14,76.86,5.49,6.79,0,1,0,2011-07-20,2011,7,20,-1.3,-0.191458026509573
"27-07-2011",15765,7192100337,17,16,16,93.33,5.49,6.79,0,0,1,2011-07-27,2011,7,27,-1.3,-0.191458026509573
"03-08-2011",15765,7192100337,13,13,13,71.37,5.49,5.49,0,0,0,2011-08-03,2011,8,3,0,0
"10-08-2011",15765,7192100337,18,16,16,98.82,5.49,5.49,1,1,0,2011-08-10,2011,8,10,0,0
"17-08-2011",15765,7192100337,24,22,22,131.76,5.49,5.49,1,1,0,2011-08-17,2011,8,17,0,0
"24-08-2011",15765,7192100337,13,13,13,71.37,5.49,5.49,0,0,0,2011-08-24,2011,8,24,0,0
"31-08-2011",15765,7192100337,8,7,7,43.92,5.49,5.49,0,0,0,2011-08-31,2011,8,31,0,0
"07-09-2011",15765,7192100337,12,12,12,65.88,5.49,5.49,0,0,0,2011-09-07,2011,9,7,0,0
"14-09-2011",15765,7192100337,15,13,12,82.35,5.49,5.49,0,0,0,2011-09-14,2011,9,14,0,0
"21-09-2011",15765,7192100337,32,31,31,170.24,5.32,5.49,1,1,0,2011-09-21,2011,9,21,-0.17,-0.0309653916211293
"28-09-2011",15765,7192100337,18,18,18,97.38,5.41,5.49,1,1,0,2011-09-28,2011,9,28,-0.0800000000000001,-0.0145719489981785
"05-10-2011",15765,7192100337,11,11,11,58.85,5.35,5.35,0,0,0,2011-10-05,2011,10,5,0,0
"12-10-2011",15765,7192100337,7,7,7,36.89,5.27,5.27,0,0,0,2011-10-12,2011,10,12,0,0
"19-10-2011",15765,7192100337,5,4,4,26.35,5.27,5.27,0,0,0,2011-10-19,2011,10,19,0,0
"26-10-2011",15765,7192100337,6,6,6,31.62,5.27,5.27,0,0,0,2011-10-26,2011,10,26,0,0
"02-11-2011",15765,7192100337,11,11,11,57.97,5.27,5.27,0,0,0,2011-11-02,2011,11,2,0,0
"09-11-2011",15765,7192100337,9,9,9,47.43,5.27,5.27,0,0,0,2011-11-09,2011,11,9,0,0
"16-11-2011",15765,7192100337,17,16,16,89.59,5.27,5.27,0,0,0,2011-11-16,2011,11,16,0,0
"23-11-2011",15765,7192100337,16,15,15,84.32,5.27,5.27,1,0,0,2011-11-23,2011,11,23,0,0
"30-11-2011",15765,7192100337,9,9,9,47.43,5.27,5.27,1,0,0,2011-11-30,2011,11,30,0,0
"07-12-2011",15765,7192100337,14,13,13,73.78,5.27,5.27,0,0,0,2011-12-07,2011,12,7,0,0
"14-12-2011",15765,7192100337,15,14,14,79.05,5.27,5.27,0,0,0,2011-12-14,2011,12,14,0,0
"21-12-2011",15765,7192100337,7,6,6,36.89,5.27,5.27,0,0,0,2011-12-21,2011,12,21,0,0
"28-12-2011",15765,7192100337,11,11,10,57.97,5.27,5.27,0,0,0,2011-12-28,2011,12,28,0,0
"04-01-2012",15765,7192100337,18,13,13,90,5,5.27,1,1,0,2012-01-04,2012,1,4,-0.27,-0.0512333965844401
